This is pdfTeX, Version 3.141592653-2.6-1.40.29 (TeX Live 2026) (preloaded format=pdflatex 2026.5.10)  6 JUL 2026 02:12
entering extended mode
 restricted \write18 enabled.
 file:line:error style messages enabled.
 %&-line parsing enabled.
**/Users/malualamo/Tesis/template_tesis/tesis
(/Users/malualamo/Tesis/template_tesis/tesis.tex
LaTeX2e <2025-11-01>
L3 programming layer <2026-01-19>
(./tesis.cls
Document Class: tesis 1996/25/01 1.0g LaTeX document class (wm).
\hours=\count275
\minutes=\count276
(/usr/local/texlive/2026/texmf-dist/tex/latex/base/bk11.clo
File: bk11.clo 2025/01/22 v1.4n Standard LaTeX file (size option)
)
\c@part=\count277
\c@chapter=\count278
\c@section=\count279
\c@subsection=\count280
\c@subsubsection=\count281
\c@paragraph=\count282
\c@subparagraph=\count283
\beforechaptervspace=\skip49
\afterchaptervspace=\skip50
\exampleindent=\skip51
\c@figure=\count284
\c@table=\count285
\abovecaptionskip=\skip52
\belowcaptionskip=\skip53
\bibindent=\dimen148
) (/usr/local/texlive/2026/texmf-dist/tex/latex/graphics/graphicx.sty
Package: graphicx 2024/12/31 v1.2e Enhanced LaTeX Graphics (DPC,SPQR)
 (/usr/local/texlive/2026/texmf-dist/tex/latex/graphics/keyval.sty
Package: keyval 2022/05/29 v1.15 key=value parser (DPC)
\KV@toks@=\toks17
) (/usr/local/texlive/2026/texmf-dist/tex/latex/graphics/graphics.sty
Package: graphics 2024/08/06 v1.4g Standard LaTeX Graphics (DPC,SPQR)
 (/usr/local/texlive/2026/texmf-dist/tex/latex/graphics/trig.sty
Package: trig 2023/12/02 v1.11 sin cos tan (DPC)
) (/usr/local/texlive/2026/texmf-dist/tex/latex/graphics-cfg/graphics.cfg
File: graphics.cfg 2016/06/04 v1.11 sample graphics configuration
)
Package graphics Info: Driver file: pdftex.def on input line 106.
 (/usr/local/texlive/2026/texmf-dist/tex/latex/graphics-def/pdftex.def
File: pdftex.def 2025/09/29 v1.2d Graphics/color driver for pdftex
))
\Gin@req@height=\dimen149
\Gin@req@width=\dimen150
) (/usr/local/texlive/2026/texmf-dist/tex/latex/float/float.sty
Package: float 2001/11/08 v1.3d Float enhancements (AL)
\c@float@type=\count286
\float@exts=\toks18
\float@box=\box53
\@float@everytoks=\toks19
\@floatcapt=\box54
) (/usr/local/texlive/2026/texmf-dist/tex/latex/base/inputenc.sty
Package: inputenc 2024/02/08 v1.3d Input encoding file
\inpenc@prehook=\toks20
\inpenc@posthook=\toks21
) (/usr/local/texlive/2026/texmf-dist/tex/generic/babel/babel.sty
Package: babel 2026/03/08 v26.4 The multilingual framework for LuaLaTeX, pdfLaTeX and XeLaTeX
\babel@savecnt=\count287
LaTeX Encoding Info:    Redeclaring text command \ij (encoding OT1) on input line 2078.
LaTeX Encoding Info:    Redeclaring text command \IJ (encoding OT1) on input line 2080.
LaTeX Encoding Info:    Redeclaring text command \ij (encoding T1) on input line 2082.
LaTeX Encoding Info:    Redeclaring text command \IJ (encoding T1) on input line 2083.
LaTeX Encoding Info:    Ignoring declaration for text command \ij (encoding ?) on input line 2084.
LaTeX Encoding Info:    Ignoring declaration for text command \IJ (encoding ?) on input line 2086.
LaTeX Encoding Info:    Ignoring declaration for text command \SS (encoding ?) on input line 2111.
\U@D=\dimen151
\l@unhyphenated=\language91
 (/usr/local/texlive/2026/texmf-dist/tex/generic/babel/txtbabel.def)
\bbl@readstream=\read2
\bbl@dirlevel=\count288
 (/usr/local/texlive/2026/texmf-dist/tex/generic/babel/locale/es/babel-spanish.tex)
Package babel Info: Importing font and identification data for spanish
(babel)             from babel-es.ini. Reported on input line 4330.
 (/usr/local/texlive/2026/texmf-dist/tex/generic/babel-spanish/spanish.ldf
Language: spanish.ldf 2021/05/27 v5.0q Spanish support from the babel system
\es@quottoks=\toks22
\es@quotdepth=\count289
Package babel Info: Making " an active character on input line 570.
Package babel Info: Making . an active character on input line 675.
Package babel Info: Making < an active character on input line 722.
Package babel Info: Making > an active character on input line 722.
))
LaTeX Encoding Info:    Redeclaring text command \guillemotleft (encoding OT1) on input line 9.
LaTeX Encoding Info:    Redeclaring text command \guillemotright (encoding OT1) on input line 9.
 (/usr/local/texlive/2026/texmf-dist/tex/latex/geometry/geometry.sty
Package: geometry 2026/03/07 v6.0 Page Geometry
 (/usr/local/texlive/2026/texmf-dist/tex/generic/iftex/ifvtex.sty
Package: ifvtex 2019/10/25 v1.7 ifvtex legacy package. Use iftex instead.
 (/usr/local/texlive/2026/texmf-dist/tex/generic/iftex/iftex.sty
Package: iftex 2024/12/12 v1.0g TeX engine tests
))
\Gm@cnth=\count290
\Gm@cntv=\count291
\c@Gm@tempcnt=\count292
\Gm@bindingoffset=\dimen152
\Gm@wd@mp=\dimen153
\Gm@odd@mp=\dimen154
\Gm@even@mp=\dimen155
\Gm@layoutwidth=\dimen156
\Gm@layoutheight=\dimen157
\Gm@layouthoffset=\dimen158
\Gm@layoutvoffset=\dimen159
\Gm@dimlist=\toks23
) (/usr/local/texlive/2026/texmf-dist/tex/latex/todonotes/todonotes.sty
Package: todonotes 2024/01/05 v1.1.7 Todonotes source and documentation.
Package: todonotes 2024/01/05
 (/usr/local/texlive/2026/texmf-dist/tex/latex/base/ifthen.sty
Package: ifthen 2024/03/16 v1.1e Standard LaTeX ifthen package (DPC)
) (/usr/local/texlive/2026/texmf-dist/tex/latex/xkeyval/xkeyval.sty
Package: xkeyval 2025/11/04 v2.10 package option processing (HA)
 (/usr/local/texlive/2026/texmf-dist/tex/generic/xkeyval/xkeyval.tex (/usr/local/texlive/2026/texmf-dist/tex/generic/xkeyval/xkvutils.tex
\XKV@toks=\toks24
\XKV@tempa@toks=\toks25
\XKV@tempb@toks=\toks26
)
\XKV@depth=\count293
File: xkeyval.tex 2014/12/03 v2.7a key=value parser (HA)
)) (/usr/local/texlive/2026/texmf-dist/tex/latex/xcolor/xcolor.sty
Package: xcolor 2024/09/29 v3.02 LaTeX color extensions (UK)
 (/usr/local/texlive/2026/texmf-dist/tex/latex/graphics-cfg/color.cfg
File: color.cfg 2016/01/02 v1.6 sample color configuration
)
Package xcolor Info: Driver file: pdftex.def on input line 274.
 (/usr/local/texlive/2026/texmf-dist/tex/latex/graphics/mathcolor.ltx)
Package xcolor Info: Model `cmy' substituted by `cmy0' on input line 1349.
Package xcolor Info: Model `hsb' substituted by `rgb' on input line 1353.
Package xcolor Info: Model `RGB' extended on input line 1365.
Package xcolor Info: Model `HTML' substituted by `rgb' on input line 1367.
Package xcolor Info: Model `Hsb' substituted by `hsb' on input line 1368.
Package xcolor Info: Model `tHsb' substituted by `hsb' on input line 1369.
Package xcolor Info: Model `HSB' substituted by `hsb' on input line 1370.
Package xcolor Info: Model `Gray' substituted by `gray' on input line 1371.
Package xcolor Info: Model `wave' substituted by `hsb' on input line 1372.
) (/usr/local/texlive/2026/texmf-dist/tex/latex/pgf/frontendlayer/tikz.sty (/usr/local/texlive/2026/texmf-dist/tex/latex/pgf/basiclayer/pgf.sty (/usr/local/texlive/2026/texmf-dist/tex/latex/pgf/utilities/pgfrcs.sty (/usr/local/texlive/2026/texmf-dist/tex/generic/pgf/utilities/pgfutil-common.tex
\pgfutil@everybye=\toks27
\pgfutil@tempdima=\dimen160
\pgfutil@tempdimb=\dimen161
) (/usr/local/texlive/2026/texmf-dist/tex/generic/pgf/utilities/pgfutil-latex.def
\pgfutil@abb=\box55
) (/usr/local/texlive/2026/texmf-dist/tex/generic/pgf/utilities/pgfrcs.code.tex (/usr/local/texlive/2026/texmf-dist/tex/generic/pgf/pgf.revision.tex)
Package: pgfrcs 2025-08-29 v3.1.11a (3.1.11a)
))
Package: pgf 2025-08-29 v3.1.11a (3.1.11a)
 (/usr/local/texlive/2026/texmf-dist/tex/latex/pgf/basiclayer/pgfcore.sty (/usr/local/texlive/2026/texmf-dist/tex/latex/pgf/systemlayer/pgfsys.sty (/usr/local/texlive/2026/texmf-dist/tex/generic/pgf/systemlayer/pgfsys.code.tex
Package: pgfsys 2025-08-29 v3.1.11a (3.1.11a)
 (/usr/local/texlive/2026/texmf-dist/tex/generic/pgf/utilities/pgfkeys.code.tex
\pgfkeys@pathtoks=\toks28
\pgfkeys@temptoks=\toks29
 (/usr/local/texlive/2026/texmf-dist/tex/generic/pgf/utilities/pgfkeyslibraryfiltered.code.tex
\pgfkeys@tmptoks=\toks30
))
\pgf@x=\dimen162
\pgf@y=\dimen163
\pgf@xa=\dimen164
\pgf@ya=\dimen165
\pgf@xb=\dimen166
\pgf@yb=\dimen167
\pgf@xc=\dimen168
\pgf@yc=\dimen169
\pgf@xd=\dimen170
\pgf@yd=\dimen171
\w@pgf@writea=\write3
\r@pgf@reada=\read3
\c@pgf@counta=\count294
\c@pgf@countb=\count295
\c@pgf@countc=\count296
\c@pgf@countd=\count297
\t@pgf@toka=\toks31
\t@pgf@tokb=\toks32
\t@pgf@tokc=\toks33
\pgf@sys@id@count=\count298
 (/usr/local/texlive/2026/texmf-dist/tex/generic/pgf/systemlayer/pgf.cfg
File: pgf.cfg 2025-08-29 v3.1.11a (3.1.11a)
)
Driver file for pgf: pgfsys-pdftex.def
 (/usr/local/texlive/2026/texmf-dist/tex/generic/pgf/systemlayer/pgfsys-pdftex.def
File: pgfsys-pdftex.def 2025-08-29 v3.1.11a (3.1.11a)
 (/usr/local/texlive/2026/texmf-dist/tex/generic/pgf/systemlayer/pgfsys-common-pdf.def
File: pgfsys-common-pdf.def 2025-08-29 v3.1.11a (3.1.11a)
))) (/usr/local/texlive/2026/texmf-dist/tex/generic/pgf/systemlayer/pgfsyssoftpath.code.tex
File: pgfsyssoftpath.code.tex 2025-08-29 v3.1.11a (3.1.11a)
\pgfsyssoftpath@smallbuffer@items=\count299
\pgfsyssoftpath@bigbuffer@items=\count300
) (/usr/local/texlive/2026/texmf-dist/tex/generic/pgf/systemlayer/pgfsysprotocol.code.tex
File: pgfsysprotocol.code.tex 2025-08-29 v3.1.11a (3.1.11a)
)) (/usr/local/texlive/2026/texmf-dist/tex/generic/pgf/basiclayer/pgfcore.code.tex
Package: pgfcore 2025-08-29 v3.1.11a (3.1.11a)
 (/usr/local/texlive/2026/texmf-dist/tex/generic/pgf/math/pgfmath.code.tex (/usr/local/texlive/2026/texmf-dist/tex/generic/pgf/math/pgfmathutil.code.tex) (/usr/local/texlive/2026/texmf-dist/tex/generic/pgf/math/pgfmathparser.code.tex
\pgfmath@dimen=\dimen172
\pgfmath@count=\count301
\pgfmath@box=\box56
\pgfmath@toks=\toks34
\pgfmath@stack@operand=\toks35
\pgfmath@stack@operation=\toks36
) (/usr/local/texlive/2026/texmf-dist/tex/generic/pgf/math/pgfmathfunctions.code.tex) (/usr/local/texlive/2026/texmf-dist/tex/generic/pgf/math/pgfmathfunctions.basic.code.tex) (/usr/local/texlive/2026/texmf-dist/tex/generic/pgf/math/pgfmathfunctions.trigonometric.code.tex) (/usr/local/texlive/2026/texmf-dist/tex/generic/pgf/math/pgfmathfunctions.random.code.tex) (/usr/local/texlive/2026/texmf-dist/tex/generic/pgf/math/pgfmathfunctions.comparison.code.tex) (/usr/local/texlive/2026/texmf-dist/tex/generic/pgf/math/pgfmathfunctions.base.code.tex) (/usr/local/texlive/2026/texmf-dist/tex/generic/pgf/math/pgfmathfunctions.round.code.tex) (/usr/local/texlive/2026/texmf-dist/tex/generic/pgf/math/pgfmathfunctions.misc.code.tex) (/usr/local/texlive/2026/texmf-dist/tex/generic/pgf/math/pgfmathfunctions.integerarithmetics.code.tex) (/usr/local/texlive/2026/texmf-dist/tex/generic/pgf/math/pgfmathcalc.code.tex) (/usr/local/texlive/2026/texmf-dist/tex/generic/pgf/math/pgfmathfloat.code.tex
\c@pgfmathroundto@lastzeros=\count302
)) (/usr/local/texlive/2026/texmf-dist/tex/generic/pgf/math/pgfint.code.tex) (/usr/local/texlive/2026/texmf-dist/tex/generic/pgf/basiclayer/pgfcorepoints.code.tex
File: pgfcorepoints.code.tex 2025-08-29 v3.1.11a (3.1.11a)
\pgf@picminx=\dimen173
\pgf@picmaxx=\dimen174
\pgf@picminy=\dimen175
\pgf@picmaxy=\dimen176
\pgf@pathminx=\dimen177
\pgf@pathmaxx=\dimen178
\pgf@pathminy=\dimen179
\pgf@pathmaxy=\dimen180
\pgf@xx=\dimen181
\pgf@xy=\dimen182
\pgf@yx=\dimen183
\pgf@yy=\dimen184
\pgf@zx=\dimen185
\pgf@zy=\dimen186
) (/usr/local/texlive/2026/texmf-dist/tex/generic/pgf/basiclayer/pgfcorepathconstruct.code.tex
File: pgfcorepathconstruct.code.tex 2025-08-29 v3.1.11a (3.1.11a)
\pgf@path@lastx=\dimen187
\pgf@path@lasty=\dimen188
) (/usr/local/texlive/2026/texmf-dist/tex/generic/pgf/basiclayer/pgfcorepathusage.code.tex
File: pgfcorepathusage.code.tex 2025-08-29 v3.1.11a (3.1.11a)
\pgf@shorten@end@additional=\dimen189
\pgf@shorten@start@additional=\dimen190
) (/usr/local/texlive/2026/texmf-dist/tex/generic/pgf/basiclayer/pgfcorescopes.code.tex
File: pgfcorescopes.code.tex 2025-08-29 v3.1.11a (3.1.11a)
\pgfpic=\box57
\pgf@hbox=\box58
\pgf@layerbox@main=\box59
\pgf@picture@serial@count=\count303
) (/usr/local/texlive/2026/texmf-dist/tex/generic/pgf/basiclayer/pgfcoregraphicstate.code.tex
File: pgfcoregraphicstate.code.tex 2025-08-29 v3.1.11a (3.1.11a)
\pgflinewidth=\dimen191
) (/usr/local/texlive/2026/texmf-dist/tex/generic/pgf/basiclayer/pgfcoretransformations.code.tex
File: pgfcoretransformations.code.tex 2025-08-29 v3.1.11a (3.1.11a)
\pgf@pt@x=\dimen192
\pgf@pt@y=\dimen193
\pgf@pt@temp=\dimen194
) (/usr/local/texlive/2026/texmf-dist/tex/generic/pgf/basiclayer/pgfcorequick.code.tex
File: pgfcorequick.code.tex 2025-08-29 v3.1.11a (3.1.11a)
) (/usr/local/texlive/2026/texmf-dist/tex/generic/pgf/basiclayer/pgfcoreobjects.code.tex
File: pgfcoreobjects.code.tex 2025-08-29 v3.1.11a (3.1.11a)
) (/usr/local/texlive/2026/texmf-dist/tex/generic/pgf/basiclayer/pgfcorepathprocessing.code.tex
File: pgfcorepathprocessing.code.tex 2025-08-29 v3.1.11a (3.1.11a)
) (/usr/local/texlive/2026/texmf-dist/tex/generic/pgf/basiclayer/pgfcorearrows.code.tex
File: pgfcorearrows.code.tex 2025-08-29 v3.1.11a (3.1.11a)
\pgfarrowsep=\dimen195
) (/usr/local/texlive/2026/texmf-dist/tex/generic/pgf/basiclayer/pgfcoreshade.code.tex
File: pgfcoreshade.code.tex 2025-08-29 v3.1.11a (3.1.11a)
\pgf@max=\dimen196
\pgf@sys@shading@range@num=\count304
\pgf@shadingcount=\count305
) (/usr/local/texlive/2026/texmf-dist/tex/generic/pgf/basiclayer/pgfcoreimage.code.tex
File: pgfcoreimage.code.tex 2025-08-29 v3.1.11a (3.1.11a)
) (/usr/local/texlive/2026/texmf-dist/tex/generic/pgf/basiclayer/pgfcoreexternal.code.tex
File: pgfcoreexternal.code.tex 2025-08-29 v3.1.11a (3.1.11a)
\pgfexternal@startupbox=\box60
) (/usr/local/texlive/2026/texmf-dist/tex/generic/pgf/basiclayer/pgfcorelayers.code.tex
File: pgfcorelayers.code.tex 2025-08-29 v3.1.11a (3.1.11a)
) (/usr/local/texlive/2026/texmf-dist/tex/generic/pgf/basiclayer/pgfcoretransparency.code.tex
File: pgfcoretransparency.code.tex 2025-08-29 v3.1.11a (3.1.11a)
) (/usr/local/texlive/2026/texmf-dist/tex/generic/pgf/basiclayer/pgfcorepatterns.code.tex
File: pgfcorepatterns.code.tex 2025-08-29 v3.1.11a (3.1.11a)
) (/usr/local/texlive/2026/texmf-dist/tex/generic/pgf/basiclayer/pgfcorerdf.code.tex
File: pgfcorerdf.code.tex 2025-08-29 v3.1.11a (3.1.11a)
))) (/usr/local/texlive/2026/texmf-dist/tex/generic/pgf/modules/pgfmoduleshapes.code.tex
File: pgfmoduleshapes.code.tex 2025-08-29 v3.1.11a (3.1.11a)
\pgfnodeparttextbox=\box61
) (/usr/local/texlive/2026/texmf-dist/tex/generic/pgf/modules/pgfmoduleplot.code.tex
File: pgfmoduleplot.code.tex 2025-08-29 v3.1.11a (3.1.11a)
) (/usr/local/texlive/2026/texmf-dist/tex/latex/pgf/compatibility/pgfcomp-version-0-65.sty
Package: pgfcomp-version-0-65 2025-08-29 v3.1.11a (3.1.11a)
\pgf@nodesepstart=\dimen197
\pgf@nodesepend=\dimen198
) (/usr/local/texlive/2026/texmf-dist/tex/latex/pgf/compatibility/pgfcomp-version-1-18.sty
Package: pgfcomp-version-1-18 2025-08-29 v3.1.11a (3.1.11a)
)) (/usr/local/texlive/2026/texmf-dist/tex/latex/pgf/utilities/pgffor.sty (/usr/local/texlive/2026/texmf-dist/tex/latex/pgf/utilities/pgfkeys.sty (/usr/local/texlive/2026/texmf-dist/tex/generic/pgf/utilities/pgfkeys.code.tex)) (/usr/local/texlive/2026/texmf-dist/tex/latex/pgf/math/pgfmath.sty (/usr/local/texlive/2026/texmf-dist/tex/generic/pgf/math/pgfmath.code.tex)) (/usr/local/texlive/2026/texmf-dist/tex/generic/pgf/utilities/pgffor.code.tex
Package: pgffor 2025-08-29 v3.1.11a (3.1.11a)
\pgffor@iter=\dimen199
\pgffor@skip=\dimen256
\pgffor@stack=\toks37
\pgffor@toks=\toks38
)) (/usr/local/texlive/2026/texmf-dist/tex/generic/pgf/frontendlayer/tikz/tikz.code.tex
Package: tikz 2025-08-29 v3.1.11a (3.1.11a)
 (/usr/local/texlive/2026/texmf-dist/tex/generic/pgf/libraries/pgflibraryplothandlers.code.tex
File: pgflibraryplothandlers.code.tex 2025-08-29 v3.1.11a (3.1.11a)
\pgf@plot@mark@count=\count306
\pgfplotmarksize=\dimen257
)
\tikz@lastx=\dimen258
\tikz@lasty=\dimen259
\tikz@lastxsaved=\dimen260
\tikz@lastysaved=\dimen261
\tikz@lastmovetox=\dimen262
\tikz@lastmovetoy=\dimen263
\tikzleveldistance=\dimen264
\tikzsiblingdistance=\dimen265
\tikz@figbox=\box62
\tikz@figbox@bg=\box63
\tikz@tempbox=\box64
\tikz@tempbox@bg=\box65
\tikztreelevel=\count307
\tikznumberofchildren=\count308
\tikznumberofcurrentchild=\count309
\tikz@fig@count=\count310
 (/usr/local/texlive/2026/texmf-dist/tex/generic/pgf/modules/pgfmodulematrix.code.tex
File: pgfmodulematrix.code.tex 2025-08-29 v3.1.11a (3.1.11a)
\pgfmatrixcurrentrow=\count311
\pgfmatrixcurrentcolumn=\count312
\pgf@matrix@numberofcolumns=\count313
)
\tikz@expandcount=\count314
 (/usr/local/texlive/2026/texmf-dist/tex/generic/pgf/frontendlayer/tikz/libraries/tikzlibrarytopaths.code.tex
File: tikzlibrarytopaths.code.tex 2025-08-29 v3.1.11a (3.1.11a)
))) (/usr/local/texlive/2026/texmf-dist/tex/generic/pgf/frontendlayer/tikz/libraries/tikzlibrarypositioning.code.tex
File: tikzlibrarypositioning.code.tex 2025-08-29 v3.1.11a (3.1.11a)
) (/usr/local/texlive/2026/texmf-dist/tex/latex/tools/calc.sty
Package: calc 2025/03/01 v4.3b Infix arithmetic (KKT,FJ)
\calc@Acount=\count315
\calc@Bcount=\count316
\calc@Adimen=\dimen266
\calc@Bdimen=\dimen267
\calc@Askip=\skip54
\calc@Bskip=\skip55
LaTeX Info: Redefining \setlength on input line 86.
LaTeX Info: Redefining \addtolength on input line 87.
\calc@Ccount=\count317
\calc@Cskip=\skip56
)
\c@@todonotes@numberoftodonotes=\count318
) (/usr/local/texlive/2026/texmf-dist/tex/latex/amsmath/amsmath.sty
Package: amsmath 2025/07/09 v2.17z AMS math features
\@mathmargin=\skip57

For additional information on amsmath, use the `?' option.
(/usr/local/texlive/2026/texmf-dist/tex/latex/amsmath/amstext.sty
Package: amstext 2024/11/17 v2.01 AMS text
 (/usr/local/texlive/2026/texmf-dist/tex/latex/amsmath/amsgen.sty
File: amsgen.sty 1999/11/30 v2.0 generic functions
\@emptytoks=\toks39
\ex@=\dimen268
)) (/usr/local/texlive/2026/texmf-dist/tex/latex/amsmath/amsbsy.sty
Package: amsbsy 1999/11/29 v1.2d Bold Symbols
\pmbraise@=\dimen269
) (/usr/local/texlive/2026/texmf-dist/tex/latex/amsmath/amsopn.sty
Package: amsopn 2022/04/08 v2.04 operator names
)
\inf@bad=\count319
LaTeX Info: Redefining \frac on input line 233.
\uproot@=\count320
\leftroot@=\count321
LaTeX Info: Redefining \overline on input line 398.
LaTeX Info: Redefining \colon on input line 409.
\classnum@=\count322
\DOTSCASE@=\count323
LaTeX Info: Redefining \ldots on input line 495.
LaTeX Info: Redefining \dots on input line 498.
LaTeX Info: Redefining \cdots on input line 619.
\Mathstrutbox@=\box66
\strutbox@=\box67
LaTeX Info: Redefining \big on input line 721.
LaTeX Info: Redefining \Big on input line 722.
LaTeX Info: Redefining \bigg on input line 723.
LaTeX Info: Redefining \Bigg on input line 724.
\big@size=\dimen270
LaTeX Font Info:    Redeclaring font encoding OML on input line 742.
LaTeX Font Info:    Redeclaring font encoding OMS on input line 743.
\macc@depth=\count324
LaTeX Info: Redefining \bmod on input line 904.
LaTeX Info: Redefining \pmod on input line 909.
LaTeX Info: Redefining \smash on input line 939.
LaTeX Info: Redefining \relbar on input line 969.
LaTeX Info: Redefining \Relbar on input line 970.
\c@MaxMatrixCols=\count325
\dotsspace@=\muskip17
\c@parentequation=\count326
\dspbrk@lvl=\count327
\tag@help=\toks40
\row@=\count328
\column@=\count329
\maxfields@=\count330
\andhelp@=\toks41
\eqnshift@=\dimen271
\alignsep@=\dimen272
\tagshift@=\dimen273
\tagwidth@=\dimen274
\totwidth@=\dimen275
\lineht@=\dimen276
\@envbody=\toks42
\multlinegap=\skip58
\multlinetaggap=\skip59
\mathdisplay@stack=\toks43
LaTeX Info: Redefining \[ on input line 2950.
LaTeX Info: Redefining \] on input line 2951.
) (/usr/local/texlive/2026/texmf-dist/tex/latex/amsfonts/amssymb.sty
Package: amssymb 2013/01/14 v3.01 AMS font symbols
 (/usr/local/texlive/2026/texmf-dist/tex/latex/amsfonts/amsfonts.sty
Package: amsfonts 2013/01/14 v3.01 Basic AMSFonts support
\symAMSa=\mathgroup4
\symAMSb=\mathgroup5
LaTeX Font Info:    Redeclaring math symbol \hbar on input line 98.
LaTeX Font Info:    Overwriting math alphabet `\mathfrak' in version `bold'
(Font)                  U/euf/m/n --> U/euf/b/n on input line 106.
)) (/usr/local/texlive/2026/texmf-dist/tex/latex/booktabs/booktabs.sty
Package: booktabs 2020/01/12 v1.61803398 Publication quality tables
\heavyrulewidth=\dimen277
\lightrulewidth=\dimen278
\cmidrulewidth=\dimen279
\belowrulesep=\dimen280
\belowbottomsep=\dimen281
\aboverulesep=\dimen282
\abovetopsep=\dimen283
\cmidrulesep=\dimen284
\cmidrulekern=\dimen285
\defaultaddspace=\dimen286
\@cmidla=\count331
\@cmidlb=\count332
\@aboverulesep=\dimen287
\@belowrulesep=\dimen288
\@thisruleclass=\count333
\@lastruleclass=\count334
\@thisrulewidth=\dimen289
) (/usr/local/texlive/2026/texmf-dist/tex/latex/multirow/multirow.sty
Package: multirow 2024/11/12 v2.9 Span multiple rows of a table
\multirow@colwidth=\skip60
\multirow@cntb=\count335
\multirow@dima=\skip61
\bigstrutjot=\dimen290
) (/usr/local/texlive/2026/texmf-dist/tex/latex/natbib/natbib.sty
Package: natbib 2010/09/13 8.31b (PWD, AO)
\bibhang=\skip62
\bibsep=\skip63
LaTeX Info: Redefining \cite on input line 694.
\c@NAT@ctr=\count336
) (/usr/local/texlive/2026/texmf-dist/tex/latex/url/url.sty
\Urlmuskip=\muskip18
Package: url 2013/09/16  ver 3.4  Verb mode for urls, etc.
) (/usr/local/texlive/2026/texmf-dist/tex/latex/tcolorbox/tcolorbox.sty
Package: tcolorbox 2025/11/28 version 6.9.0 text color boxes
 (/usr/local/texlive/2026/texmf-dist/tex/latex/tools/verbatim.sty
Package: verbatim 2024-01-22 v1.5x LaTeX2e package for verbatim enhancements
\every@verbatim=\toks44
\verbatim@line=\toks45
\verbatim@in@stream=\read4
) (/usr/local/texlive/2026/texmf-dist/tex/latex/environ/environ.sty
Package: environ 2014/05/04 v0.3 A new way to define environments
 (/usr/local/texlive/2026/texmf-dist/tex/latex/trimspaces/trimspaces.sty
Package: trimspaces 2009/09/17 v1.1 Trim spaces around a token list
)) (/usr/local/texlive/2026/texmf-dist/tex/latex/etoolbox/etoolbox.sty
Package: etoolbox 2025/10/02 v2.5m e-TeX tools for LaTeX (JAW)
\etb@tempcnta=\count337
)
\tcb@titlebox=\box68
\tcb@upperbox=\box69
\tcb@lowerbox=\box70
\tcb@phantombox=\box71
\c@tcbbreakpart=\count338
\c@tcblayer=\count339
\c@tcolorbox@number=\count340
\l__tcobox_tmpa_box=\box72
\l__tcobox_tmpa_dim=\dimen291
\tcb@temp=\box73
\tcb@temp=\box74
\tcb@temp=\box75
\tcb@temp=\box76
)
\c@tcb@cnt@featuredef=\count341
 (/usr/local/texlive/2026/texmf-dist/tex/latex/microtype/microtype.sty
Package: microtype 2026/03/01 v3.2d Micro-typographical refinements (RS)
\MT@toks=\toks46
\MT@tempbox=\box77
\MT@count=\count342
LaTeX Info: Redefining \noprotrusionifhmode on input line 1084.
LaTeX Info: Redefining \leftprotrusion on input line 1085.
\MT@prot@toks=\toks47
LaTeX Info: Redefining \rightprotrusion on input line 1104.
LaTeX Info: Redefining \textls on input line 1449.
\MT@outer@kern=\dimen292
LaTeX Info: Redefining \microtypecontext on input line 2053.
LaTeX Info: Redefining \textmicrotypecontext on input line 2070.
\MT@listname@count=\count343
 (/usr/local/texlive/2026/texmf-dist/tex/latex/microtype/microtype-pdftex.def
File: microtype-pdftex.def 2026/03/01 v3.2d Definitions specific to pdftex (RS)
LaTeX Info: Redefining \lsstyle on input line 944.
LaTeX Info: Redefining \lslig on input line 944.
\MT@outer@space=\skip64
)
Package microtype Info: Loading configuration file microtype.cfg.
 (/usr/local/texlive/2026/texmf-dist/tex/latex/microtype/microtype.cfg
File: microtype.cfg 2026/03/01 v3.2d microtype main configuration file (RS)
)
LaTeX Info: Redefining \microtypesetup on input line 3065.
) (/usr/local/texlive/2026/texmf-dist/tex/latex/l3backend/l3backend-pdftex.def
File: l3backend-pdftex.def 2025-10-09 L3 backend support: PDF output (pdfTeX)
\l__color_backend_stack_int=\count344
) (./tesis.aux
LaTeX Info: Redefining \. on input line 8.
LaTeX Info: Redefining \% on input line 8.
Package babel Info: 'spanish' activates 'spanish' shorthands.
(babel)             Reported on input line 8.
)
\openout1 = `tesis.aux'.

LaTeX Font Info:    Checking defaults for OML/cmm/m/it on input line 43.
LaTeX Font Info:    ... okay on input line 43.
LaTeX Font Info:    Checking defaults for OMS/cmsy/m/n on input line 43.
LaTeX Font Info:    ... okay on input line 43.
LaTeX Font Info:    Checking defaults for OT1/cmr/m/n on input line 43.
LaTeX Font Info:    ... okay on input line 43.
LaTeX Font Info:    Checking defaults for T1/cmr/m/n on input line 43.
LaTeX Font Info:    ... okay on input line 43.
LaTeX Font Info:    Checking defaults for TS1/cmr/m/n on input line 43.
LaTeX Font Info:    ... okay on input line 43.
LaTeX Font Info:    Checking defaults for OMX/cmex/m/n on input line 43.
LaTeX Font Info:    ... okay on input line 43.
LaTeX Font Info:    Checking defaults for U/cmr/m/n on input line 43.
LaTeX Font Info:    ... okay on input line 43.
 (/usr/local/texlive/2026/texmf-dist/tex/context/base/mkii/supp-pdf.mkii
[Loading MPS to PDF converter (version 2006.09.02).]
\scratchcounter=\count345
\scratchdimen=\dimen293
\scratchbox=\box78
\nofMPsegments=\count346
\nofMParguments=\count347
\everyMPshowfont=\toks48
\MPscratchCnt=\count348
\MPscratchDim=\dimen294
\MPnumerator=\count349
\makeMPintoPDFobject=\count350
\everyMPtoPDFconversion=\toks49
) (/usr/local/texlive/2026/texmf-dist/tex/latex/epstopdf-pkg/epstopdf-base.sty
Package: epstopdf-base 2020-01-24 v2.11 Base part for package epstopdf
Package epstopdf-base Info: Redefining graphics rule for `.eps' on input line 485.
 (/usr/local/texlive/2026/texmf-dist/tex/latex/latexconfig/epstopdf-sys.cfg
File: epstopdf-sys.cfg 2010/07/13 v1.3 Configuration of (r)epstopdf for TeX Live
))
LaTeX Info: Redefining \. on input line 43.
LaTeX Info: Redefining \% on input line 43.

*geometry* driver: auto-detecting
*geometry* detected driver: pdftex
*geometry* verbose mode - [ preamble ] result:
* driver: pdftex
* paper: a4paper
* layout: <same size as paper>
* layoutoffset:(h,v)=(0.0pt,0.0pt)
* modes: twoside 
* h-part:(L,W,R)=(85.35826pt, 426.79135pt, 85.35826pt)
* v-part:(T,H,B)=(99.58464pt, 645.87756pt, 99.58464pt)
* \paperwidth=597.50787pt
* \paperheight=845.04684pt
* \textwidth=426.79135pt
* \textheight=645.87756pt
* \oddsidemargin=13.08827pt
* \evensidemargin=13.08827pt
* \topmargin=-4.55914pt
* \headheight=12.0pt
* \headsep=19.8738pt
* \topskip=11.0pt
* \footskip=27.46295pt
* \marginparwidth=106.0pt
* \marginparsep=7.0pt
* \columnsep=10.0pt
* \skip\footins=10.0pt plus 4.0pt minus 2.0pt
* \hoffset=0.0pt
* \voffset=0.0pt
* \mag=1000
* \@twocolumnfalse
* \@twosidetrue
* \@mparswitchtrue
* \@reversemarginfalse
* (1in=72.27pt=25.4mm, 1cm=28.453pt)

LaTeX Info: Redefining \microtypecontext on input line 43.
Package microtype Info: Applying patch `item' on input line 43.
Package microtype Info: Applying patch `toc' on input line 43.
Package microtype Info: Applying patch `eqnum' on input line 43.
Package microtype Info: Applying patch `footnote' on input line 43.
Package microtype Info: Applying patch `verbatim' on input line 43.
LaTeX Info: Redefining \microtypesetup on input line 43.
Package microtype Info: Generating PDF output.
Package microtype Info: Character protrusion enabled (level 2).
Package microtype Info: Using default protrusion set `alltext'.
Package microtype Info: Automatic font expansion enabled (level 2),
(microtype)             stretch: 20, shrink: 20, step: 1, non-selected.
Package microtype Info: Using default expansion set `alltext-nott'.
Package microtype Info: Patching command `\showhyphens'.
Package microtype Info: No adjustment of tracking.
Package microtype Info: No adjustment of interword spacing.
Package microtype Info: No adjustment of character kerning.
(/usr/local/texlive/2026/texmf-dist/tex/latex/microtype/mt-cmr.cfg
File: mt-cmr.cfg 2013/05/19 v2.2 microtype config. file: Computer Modern Roman (RS)
) (./caratula.tex
LaTeX Font Info:    Trying to load font information for U+msa on input line 9.
 (/usr/local/texlive/2026/texmf-dist/tex/latex/amsfonts/umsa.fd
File: umsa.fd 2013/01/14 v3.01 AMS symbols A
) (/usr/local/texlive/2026/texmf-dist/tex/latex/microtype/mt-msa.cfg
File: mt-msa.cfg 2006/02/04 v1.1 microtype config. file: AMS symbols (a) (RS)
)
LaTeX Font Info:    Trying to load font information for U+msb on input line 9.
 (/usr/local/texlive/2026/texmf-dist/tex/latex/amsfonts/umsb.fd
File: umsb.fd 2013/01/14 v3.01 AMS symbols B
) (/usr/local/texlive/2026/texmf-dist/tex/latex/microtype/mt-msb.cfg
File: mt-msb.cfg 2005/06/01 v1.0 microtype config. file: AMS symbols (b) (RS)
)
<logofcen.pdf, id=4, 108.405pt x 108.405pt>
File: logofcen.pdf Graphic file (type pdf)
<use logofcen.pdf>
Package pdftex.def Info: logofcen.pdf  used on input line 10.
(pdftex.def)             Requested size: 73.97733pt x 73.98073pt.
 [1

{/usr/local/texlive/2026/texmf-var/fonts/map/pdftex/updmap/pdftex.map} <./logofcen.pdf>]) [2

] (./abs_esp.tex) [1

] [2

] (./abs_en.tex) [3

] [4

] (./agradecimientos.tex) [5

] [6

] (./dedicatoria.tex) [7] [8

] (./tesis.toc
LaTeX Info: Redefining \. on input line 1.
LaTeX Info: Redefining \% on input line 1.
 [9

])
\tf@toc=\write4
\openout4 = `tesis.toc'.

 [10] (./chapters/01_introduccion/01_introduccion.tex
Cap\'{\i }tulo 1.
(./chapters/01_introduccion/busqueda_visual.tex) (./chapters/01_introduccion/modelo_nnelm.tex [1


]) (./chapters/01_introduccion/eeg_modelo_damian.tex
LaTeX Info: Redefining \. on input line 33.
LaTeX Info: Redefining \% on input line 33.
Package babel Info: 'spanish' activates 'spanish' shorthands.
(babel)             Reported on input line 33.
 [2]
<chapters/01_introduccion/images/esquema_deconvolucion.png, id=62, 1287.81125pt x 1071.00125pt>
File: chapters/01_introduccion/images/esquema_deconvolucion.png Graphic file (type png)
<use chapters/01_introduccion/images/esquema_deconvolucion.png>
Package pdftex.def Info: chapters/01_introduccion/images/esquema_deconvolucion.png  used on input line 36.
(pdftex.def)             Requested size: 213.39568pt x 177.45932pt.
<chapters/02_materiales/images/cabecita_regiones.png, id=63, 324.4923pt x 375.0813pt>
File: chapters/02_materiales/images/cabecita_regiones.png Graphic file (type png)
<use chapters/02_materiales/images/cabecita_regiones.png>
Package pdftex.def Info: chapters/02_materiales/images/cabecita_regiones.png  used on input line 69.
(pdftex.def)             Requested size: 128.0387pt x 147.9981pt.
LaTeX Info: Redefining \. on input line 74.
LaTeX Info: Redefining \% on input line 74.
 [3 <./chapters/01_introduccion/images/esquema_deconvolucion.png>]) (./chapters/01_introduccion/pregunta_objetivos.tex
LaTeX Info: Redefining \. on input line 26.
LaTeX Info: Redefining \% on input line 26.
 [4 <./chapters/02_materiales/images/cabecita_regiones.png>])) (./chapters/02_materiales/02_materiales.tex
LaTeX Info: Redefining \. on input line 1.
LaTeX Info: Redefining \% on input line 1.
 [5]
LaTeX Info: Redefining \. on input line 1.
LaTeX Info: Redefining \% on input line 1.
 [6

]
Cap\'{\i }tulo 2.
(./chapters/02_materiales/dataset_hsem.tex
<chapters/02_materiales/images/fig1_dataset_ejemplo_imagen.png, id=79, 608.2725pt x 459.7175pt>
File: chapters/02_materiales/images/fig1_dataset_ejemplo_imagen.png Graphic file (type png)
<use chapters/02_materiales/images/fig1_dataset_ejemplo_imagen.png>
Package pdftex.def Info: chapters/02_materiales/images/fig1_dataset_ejemplo_imagen.png  used on input line 41.
(pdftex.def)             Requested size: 192.0548pt x 145.14848pt.
) (./chapters/02_materiales/modelo_gonzalo.tex [7{/usr/local/texlive/2026/texmf-dist/fonts/enc/dvips/cm-super/cm-super-ts1.enc} <./chapters/02_materiales/images/fig1_dataset_ejemplo_imagen.png>]
<chapters/02_materiales/images/flujo_nnelm.png, id=87, 1889.0575pt x 1072.005pt>
File: chapters/02_materiales/images/flujo_nnelm.png Graphic file (type png)
<use chapters/02_materiales/images/flujo_nnelm.png>
Package pdftex.def Info: chapters/02_materiales/images/flujo_nnelm.png  used on input line 23.
(pdftex.def)             Requested size: 341.43437pt x 193.75409pt.
LaTeX Info: Redefining \. on input line 55.
LaTeX Info: Redefining \% on input line 55.
 [8 <./chapters/02_materiales/images/flujo_nnelm.png>]
LaTeX Info: Redefining \. on input line 121.
LaTeX Info: Redefining \% on input line 121.
 [9]) (./chapters/02_materiales/modelo_regresion.tex
LaTeX Info: Redefining \. on input line 13.
LaTeX Info: Redefining \% on input line 13.
 [10]
<chapters/02_materiales/images/flujo_regresion.png, id=103, 919.435pt x 626.34pt>
File: chapters/02_materiales/images/flujo_regresion.png Graphic file (type png)
<use chapters/02_materiales/images/flujo_regresion.png>
Package pdftex.def Info: chapters/02_materiales/images/flujo_regresion.png  used on input line 16.
(pdftex.def)             Requested size: 426.79135pt x 290.74811pt.
LaTeX Info: Redefining \. on input line 31.
LaTeX Info: Redefining \% on input line 31.
 [11 <./chapters/02_materiales/images/flujo_regresion.png>])) (./chapters/03_metodos/03_metodos.tex
LaTeX Info: Redefining \. on input line 1.
LaTeX Info: Redefining \% on input line 1.
 [12]
Cap\'{\i }tulo 3.

LaTeX Warning: Reference `fig:esquema' on page 13 undefined on input line 4.

<chapters/03_metodos/images/diagrama-metodologia.png, id=113, 1138.2525pt x 926.46124pt>
File: chapters/03_metodos/images/diagrama-metodologia.png Graphic file (type png)
<use chapters/03_metodos/images/diagrama-metodologia.png>
Package pdftex.def Info: chapters/03_metodos/images/diagrama-metodologia.png  used on input line 8.
(pdftex.def)             Requested size: 426.79135pt x 347.3797pt.
(./chapters/03_metodos/extraccion_features.tex [13

 <./chapters/03_metodos/images/diagrama-metodologia.png>]) (./chapters/03_metodos/evaluacion.tex
LaTeX Info: Redefining \. on input line 35.
LaTeX Info: Redefining \% on input line 35.
 [14]

Package natbib Warning: Citation `taboga2021vif' on page 15 undefined on input line 61.

LaTeX Info: Redefining \. on input line 75.
LaTeX Info: Redefining \% on input line 75.
[15]
LaTeX Info: Redefining \. on input line 106.
LaTeX Info: Redefining \% on input line 106.
 [16])) (./chapters/04_extraccion_analisis_variables/04_extraccion_analisis_variables.tex
LaTeX Info: Redefining \. on input line 1.
LaTeX Info: Redefining \% on input line 1.
 [17]
LaTeX Info: Redefining \. on input line 1.
LaTeX Info: Redefining \% on input line 1.
 [18

]
Cap\'{\i }tulo 4.
(./chapters/04_extraccion_analisis_variables/extraccion_features.tex [19]
<chapters/04_extraccion_analisis_variables/images/ejemplo_mapas.png, id=138, 1019.7297pt x 499.6266pt>
File: chapters/04_extraccion_analisis_variables/images/ejemplo_mapas.png Graphic file (type png)
<use chapters/04_extraccion_analisis_variables/images/ejemplo_mapas.png>
Package pdftex.def Info: chapters/04_extraccion_analisis_variables/images/ejemplo_mapas.png  used on input line 118.
(pdftex.def)             Requested size: 384.1096pt x 188.19812pt.
LaTeX Info: Redefining \. on input line 122.
LaTeX Info: Redefining \% on input line 122.
 [20]
LaTeX Info: Redefining \. on input line 184.
LaTeX Info: Redefining \% on input line 184.
 [21 <./chapters/04_extraccion_analisis_variables/images/ejemplo_mapas.png>]
LaTeX Info: Redefining \. on input line 263.
LaTeX Info: Redefining \% on input line 263.
 [22]
LaTeX Info: Redefining \. on input line 349.
LaTeX Info: Redefining \% on input line 349.
 [23]
LaTeX Info: Redefining \. on input line 429.
LaTeX Info: Redefining \% on input line 429.
 [24]
LaTeX Info: Redefining \. on input line 519.
LaTeX Info: Redefining \% on input line 519.
 [25]) (./chapters/04_extraccion_analisis_variables/celdas_vs_pixeles.tex
LaTeX Info: Redefining \. on input line 1.
LaTeX Info: Redefining \% on input line 1.
 [26]
LaTeX Info: Redefining \. on input line 55.
LaTeX Info: Redefining \% on input line 55.
 [27]) (./chapters/04_extraccion_analisis_variables/analisis_distribucional.tex
LaTeX Info: Redefining \. on input line 32.
LaTeX Info: Redefining \% on input line 32.
 [28]
LaTeX Info: Redefining \. on input line 96.
LaTeX Info: Redefining \% on input line 96.
 [29]
LaTeX Info: Redefining \. on input line 178.
LaTeX Info: Redefining \% on input line 178.
 [30]
<chapters/04_extraccion_analisis_variables/images/violin_plot_features.png, id=176, 1582.713pt x 498.663pt>
File: chapters/04_extraccion_analisis_variables/images/violin_plot_features.png Graphic file (type png)
<use chapters/04_extraccion_analisis_variables/images/violin_plot_features.png>
Package pdftex.def Info: chapters/04_extraccion_analisis_variables/images/violin_plot_features.png  used on input line 229.
(pdftex.def)             Requested size: 554.83005pt x 174.80858pt.
LaTeX Info: Redefining \. on input line 232.
LaTeX Info: Redefining \% on input line 232.
 [31]
Overfull \hbox (12.13776pt too wide) in paragraph at lines 235--246
\OT1/cmr/m/n/10.95 (-20) das en va-lo-res ba-jos y even-tos ra-ros de va-lo-res al-tos. En sen-ti-do con-tra-rio, []\OT1/cmtt/m/n/10.95 entropia[]posterior[]
 []

LaTeX Info: Redefining \. on input line 275.
LaTeX Info: Redefining \% on input line 275.
[32 <./chapters/04_extraccion_analisis_variables/images/violin_plot_features.png>]
LaTeX Info: Redefining \. on input line 340.
LaTeX Info: Redefining \% on input line 340.
 [33]) (./chapters/04_extraccion_analisis_variables/coherencia_busqueda.tex
<chapters/04_extraccion_analisis_variables/images/curvas_backward_bottom_up.png, id=189, 1076.823pt x 299.6796pt>
File: chapters/04_extraccion_analisis_variables/images/curvas_backward_bottom_up.png Graphic file (type png)
<use chapters/04_extraccion_analisis_variables/images/curvas_backward_bottom_up.png>
Package pdftex.def Info: chapters/04_extraccion_analisis_variables/images/curvas_backward_bottom_up.png  used on input line 69.
(pdftex.def)             Requested size: 426.79135pt x 118.77225pt.
LaTeX Info: Redefining \. on input line 83.
LaTeX Info: Redefining \% on input line 83.
 [34 <./chapters/04_extraccion_analisis_variables/images/curvas_backward_bottom_up.png>]
<chapters/04_extraccion_analisis_variables/images/curvas_backward_similitud.png, id=194, 1076.823pt x 299.6796pt>
File: chapters/04_extraccion_analisis_variables/images/curvas_backward_similitud.png Graphic file (type png)
<use chapters/04_extraccion_analisis_variables/images/curvas_backward_similitud.png>
Package pdftex.def Info: chapters/04_extraccion_analisis_variables/images/curvas_backward_similitud.png  used on input line 95.
(pdftex.def)             Requested size: 426.79135pt x 118.77225pt.
<chapters/04_extraccion_analisis_variables/images/curvas_backward_estado_bayesiano.png, id=195, 1438.173pt x 594.5412pt>
File: chapters/04_extraccion_analisis_variables/images/curvas_backward_estado_bayesiano.png Graphic file (type png)
<use chapters/04_extraccion_analisis_variables/images/curvas_backward_estado_bayesiano.png>
Package pdftex.def Info: chapters/04_extraccion_analisis_variables/images/curvas_backward_estado_bayesiano.png  used on input line 119.
(pdftex.def)             Requested size: 426.79135pt x 176.43141pt.
LaTeX Info: Redefining \. on input line 123.
LaTeX Info: Redefining \% on input line 123.
 [35 <./chapters/04_extraccion_analisis_variables/images/curvas_backward_similitud.png>]
Overfull \hbox (2.92989pt too wide) in paragraph at lines 147--156
[]\OT1/cmr/m/n/10.95 (-20) Este mis-mo com-por-ta-mien-to se re-fle-ja de for-ma com-ple-men-ta-ria en []\OT1/cmtt/m/n/10.95 entropia[]posterior[]\OT1/cmr/m/n/10.95 (-20) :
 []

<chapters/04_extraccion_analisis_variables/images/curvas_backward_calidad_de_decisión.png, id=200, 1076.823pt x 298.2342pt>
File: chapters/04_extraccion_analisis_variables/images/curvas_backward_calidad_de_decisión.png Graphic file (type png)
<use chapters/04_extraccion_analisis_variables/images/curvas_backward_calidad_de_decisión.png>
Package pdftex.def Info: chapters/04_extraccion_analisis_variables/images/curvas_backward_calidad_de_decisión.png  used on input line 168.
(pdftex.def)             Requested size: 426.79135pt x 118.1994pt.
LaTeX Info: Redefining \. on input line 172.
LaTeX Info: Redefining \% on input line 172.
[36 <./chapters/04_extraccion_analisis_variables/images/curvas_backward_estado_bayesiano.png>]
<chapters/04_extraccion_analisis_variables/images/curvas_backward_competencia.png, id=205, 1076.823pt x 299.6796pt>
File: chapters/04_extraccion_analisis_variables/images/curvas_backward_competencia.png Graphic file (type png)
<use chapters/04_extraccion_analisis_variables/images/curvas_backward_competencia.png>
Package pdftex.def Info: chapters/04_extraccion_analisis_variables/images/curvas_backward_competencia.png  used on input line 196.
(pdftex.def)             Requested size: 426.79135pt x 118.77225pt.

Underfull \hbox (badness 2538) in paragraph at lines 203--209
[]\OT1/cmr/m/n/10.95 (+20) Las tres va-ria-bles de com-pe-ten-cia mues-tran una din^^Sami-ca si-mi-lar. En los
 []

LaTeX Info: Redefining \. on input line 209.
LaTeX Info: Redefining \% on input line 209.
[37 <./chapters/04_extraccion_analisis_variables/images/curvas_backward_calidad_de_decisión.png> <./chapters/04_extraccion_analisis_variables/images/curvas_backward_competencia.png>]) (./chapters/04_extraccion_analisis_variables/multicolinealidad.tex
<chapters/04_extraccion_analisis_variables/images/bloque5_corr_heatmap.png, id=213, 1120.185pt x 996.6033pt>
File: chapters/04_extraccion_analisis_variables/images/bloque5_corr_heatmap.png Graphic file (type png)
<use chapters/04_extraccion_analisis_variables/images/bloque5_corr_heatmap.png>
Package pdftex.def Info: chapters/04_extraccion_analisis_variables/images/bloque5_corr_heatmap.png  used on input line 33.
(pdftex.def)             Requested size: 426.79135pt x 379.70164pt.
LaTeX Info: Redefining \. on input line 39.
LaTeX Info: Redefining \% on input line 39.
 [38]) (./chapters/04_extraccion_analisis_variables/transformaciones.tex
LaTeX Info: Redefining \. on input line 10.
LaTeX Info: Redefining \% on input line 10.
 [39 <./chapters/04_extraccion_analisis_variables/images/bloque5_corr_heatmap.png>]
Overfull \hbox (8.12091pt too wide) in paragraph at lines 45--46
[][]| 
 []


Overfull \hbox (5.71796pt too wide) in paragraph at lines 53--54
[][]| 
 []

<chapters/04_extraccion_analisis_variables/images/transf_saliencia_pixel.png, id=221, 1394.20876pt x 397.485pt>
File: chapters/04_extraccion_analisis_variables/images/transf_saliencia_pixel.png Graphic file (type png)
<use chapters/04_extraccion_analisis_variables/images/transf_saliencia_pixel.png>
Package pdftex.def Info: chapters/04_extraccion_analisis_variables/images/transf_saliencia_pixel.png  used on input line 72.
(pdftex.def)             Requested size: 426.79135pt x 121.67853pt.
LaTeX Info: Redefining \. on input line 76.
LaTeX Info: Redefining \% on input line 76.
[40]
<chapters/04_extraccion_analisis_variables/images/transf_saliencia_media.png, id=225, 1394.20876pt x 397.485pt>
File: chapters/04_extraccion_analisis_variables/images/transf_saliencia_media.png Graphic file (type png)
<use chapters/04_extraccion_analisis_variables/images/transf_saliencia_media.png>
Package pdftex.def Info: chapters/04_extraccion_analisis_variables/images/transf_saliencia_media.png  used on input line 87.
(pdftex.def)             Requested size: 426.79135pt x 121.67853pt.
<chapters/04_extraccion_analisis_variables/images/transf_similitud_pixel.png, id=226, 1003.8303pt x 286.1892pt>
File: chapters/04_extraccion_analisis_variables/images/transf_similitud_pixel.png Graphic file (type png)
<use chapters/04_extraccion_analisis_variables/images/transf_similitud_pixel.png>
Package pdftex.def Info: chapters/04_extraccion_analisis_variables/images/transf_similitud_pixel.png  used on input line 104.
(pdftex.def)             Requested size: 426.79135pt x 121.67464pt.
LaTeX Info: Redefining \. on input line 107.
LaTeX Info: Redefining \% on input line 107.
 [41 <./chapters/04_extraccion_analisis_variables/images/transf_saliencia_pixel.png> <./chapters/04_extraccion_analisis_variables/images/transf_saliencia_media.png>]
<chapters/04_extraccion_analisis_variables/images/transf_similitud_media.png, id=232, 1004.553pt x 286.1892pt>
File: chapters/04_extraccion_analisis_variables/images/transf_similitud_media.png Graphic file (type png)
<use chapters/04_extraccion_analisis_variables/images/transf_similitud_media.png>
Package pdftex.def Info: chapters/04_extraccion_analisis_variables/images/transf_similitud_media.png  used on input line 111.
(pdftex.def)             Requested size: 426.79135pt x 121.59166pt.
<chapters/04_extraccion_analisis_variables/images/transf_ganancia_informacion.png, id=233, 1004.553pt x 286.1892pt>
File: chapters/04_extraccion_analisis_variables/images/transf_ganancia_informacion.png Graphic file (type png)
<use chapters/04_extraccion_analisis_variables/images/transf_ganancia_informacion.png>
Package pdftex.def Info: chapters/04_extraccion_analisis_variables/images/transf_ganancia_informacion.png  used on input line 123.
(pdftex.def)             Requested size: 426.79135pt x 121.59166pt.
<chapters/04_extraccion_analisis_variables/images/transf_posterior_log.png, id=234, 1395.2125pt x 397.485pt>
File: chapters/04_extraccion_analisis_variables/images/transf_posterior_log.png Graphic file (type png)
<use chapters/04_extraccion_analisis_variables/images/transf_posterior_log.png>
Package pdftex.def Info: chapters/04_extraccion_analisis_variables/images/transf_posterior_log.png  used on input line 136.
(pdftex.def)             Requested size: 426.79135pt x 121.58755pt.
LaTeX Info: Redefining \. on input line 140.
LaTeX Info: Redefining \% on input line 140.
 [42 <./chapters/04_extraccion_analisis_variables/images/transf_similitud_pixel.png> <./chapters/04_extraccion_analisis_variables/images/transf_similitud_media.png> <./chapters/04_extraccion_analisis_variables/images/transf_ganancia_informacion.png>]
<chapters/04_extraccion_analisis_variables/images/transf_posterior_logit.png, id=241, 1193.45876pt x 397.485pt>
File: chapters/04_extraccion_analisis_variables/images/transf_posterior_logit.png Graphic file (type png)
<use chapters/04_extraccion_analisis_variables/images/transf_posterior_logit.png>
Package pdftex.def Info: chapters/04_extraccion_analisis_variables/images/transf_posterior_logit.png  used on input line 143.
(pdftex.def)             Requested size: 426.79135pt x 142.14226pt.
<chapters/04_extraccion_analisis_variables/images/transf_gap_entropia.png, id=242, 1004.553pt x 286.1892pt>
File: chapters/04_extraccion_analisis_variables/images/transf_gap_entropia.png Graphic file (type png)
<use chapters/04_extraccion_analisis_variables/images/transf_gap_entropia.png>
Package pdftex.def Info: chapters/04_extraccion_analisis_variables/images/transf_gap_entropia.png  used on input line 157.
(pdftex.def)             Requested size: 426.79135pt x 121.59166pt.
LaTeX Info: Redefining \. on input line 170.
LaTeX Info: Redefining \% on input line 170.
 [43 <./chapters/04_extraccion_analisis_variables/images/transf_posterior_log.png> <./chapters/04_extraccion_analisis_variables/images/transf_posterior_logit.png> <./chapters/04_extraccion_analisis_variables/images/transf_gap_entropia.png>]
<chapters/04_extraccion_analisis_variables/images/transf_distancia_grilla.png, id=250, 1004.553pt x 286.1892pt>
File: chapters/04_extraccion_analisis_variables/images/transf_distancia_grilla.png Graphic file (type png)
<use chapters/04_extraccion_analisis_variables/images/transf_distancia_grilla.png>
Package pdftex.def Info: chapters/04_extraccion_analisis_variables/images/transf_distancia_grilla.png  used on input line 173.
(pdftex.def)             Requested size: 426.79135pt x 121.59166pt.
<chapters/04_extraccion_analisis_variables/images/transf_competencia_densidad.png, id=251, 1003.8303pt x 286.1892pt>
File: chapters/04_extraccion_analisis_variables/images/transf_competencia_densidad.png Graphic file (type png)
<use chapters/04_extraccion_analisis_variables/images/transf_competencia_densidad.png>
Package pdftex.def Info: chapters/04_extraccion_analisis_variables/images/transf_competencia_densidad.png  used on input line 187.
(pdftex.def)             Requested size: 426.79135pt x 121.67464pt.
<chapters/04_extraccion_analisis_variables/images/transf_competencia_fp_max.png, id=252, 1003.8303pt x 286.1892pt>
File: chapters/04_extraccion_analisis_variables/images/transf_competencia_fp_max.png Graphic file (type png)
<use chapters/04_extraccion_analisis_variables/images/transf_competencia_fp_max.png>
Package pdftex.def Info: chapters/04_extraccion_analisis_variables/images/transf_competencia_fp_max.png  used on input line 199.
(pdftex.def)             Requested size: 426.79135pt x 121.67464pt.
)) (./chapters/05_resultados/05_resultados.tex
LaTeX Info: Redefining \. on input line 1.
LaTeX Info: Redefining \% on input line 1.
 [44 <./chapters/04_extraccion_analisis_variables/images/transf_distancia_grilla.png> <./chapters/04_extraccion_analisis_variables/images/transf_competencia_densidad.png> <./chapters/04_extraccion_analisis_variables/images/transf_competencia_fp_max.png>]
Cap\'{\i }tulo 5.
(./chapters/05_resultados/resultados_modelo_base.tex
<chapters/05_resultados/images/modelo_base_todos_coeffs.png, id=259, 2160.873pt x 1001.1804pt>
File: chapters/05_resultados/images/modelo_base_todos_coeffs.png Graphic file (type png)
<use chapters/05_resultados/images/modelo_base_todos_coeffs.png>
Package pdftex.def Info: chapters/05_resultados/images/modelo_base_todos_coeffs.png  used on input line 16.
(pdftex.def)             Requested size: 426.79135pt x 197.74242pt.
 [45

 <./chapters/05_resultados/images/modelo_base_todos_coeffs.png>]) (./chapters/05_resultados/resultados_features_original.tex
LaTeX Info: Redefining \. on input line 75.
LaTeX Info: Redefining \% on input line 75.
 [46]
<chapters/05_resultados/images/delta_aic_barras.png, id=267, 1003.1076pt x 426.393pt>
File: chapters/05_resultados/images/delta_aic_barras.png Graphic file (type png)
<use chapters/05_resultados/images/delta_aic_barras.png>
Package pdftex.def Info: chapters/05_resultados/images/delta_aic_barras.png  used on input line 86.
(pdftex.def)             Requested size: 426.79135pt x 181.41306pt.
LaTeX Info: Redefining \. on input line 90.
LaTeX Info: Redefining \% on input line 90.
 [47]
<chapters/05_resultados/images/resultados_TFCE_base.png, id=271, 1726.7712pt x 679.8198pt>
File: chapters/05_resultados/images/resultados_TFCE_base.png Graphic file (type png)
<use chapters/05_resultados/images/resultados_TFCE_base.png>
Package pdftex.def Info: chapters/05_resultados/images/resultados_TFCE_base.png  used on input line 145.
(pdftex.def)             Requested size: 426.79135pt x 168.02512pt.
LaTeX Info: Redefining \. on input line 153.
LaTeX Info: Redefining \% on input line 153.
 [48 <./chapters/05_resultados/images/delta_aic_barras.png> <./chapters/05_resultados/images/resultados_TFCE_base.png>]
Underfull \hbox (badness 1383) in paragraph at lines 157--165
[]\OT1/cmtt/m/n/10.95 distancia[]grilla[]\OT1/cmr/m/n/10.95 (+20) ), las de com-pe-ten-cia en-tre can-di-da-tos ([]\OT1/cmtt/m/n/10.95 competencia[]densidad[]\OT1/cmr/m/n/10.95 (+20) ,
 []


Underfull \hbox (badness 4403) in paragraph at lines 157--165
[]\OT1/cmtt/m/n/10.95 competencia[]fp[]max[]\OT1/cmr/m/n/10.95 (+20) , []\OT1/cmtt/m/n/10.95 competencia[]fp[]media[]\OT1/cmr/m/n/10.95 (+20) , []\OT1/cmtt/m/n/10.95 competencia[]fp[]var[]\OT1/cmr/m/n/10.95 (+20) ), el es-ta-do in-
 []


Underfull \hbox (badness 10000) in paragraph at lines 157--165
\OT1/cmr/m/n/10.95 (+20) terno ([]\OT1/cmtt/m/n/10.95 entropia[]posterior[]\OT1/cmr/m/n/10.95 (+20) , []\OT1/cmtt/m/n/10.95 entropia[]prior[]saliencia[]\OT1/cmr/m/n/10.95 (+20) , []\OT1/cmtt/m/n/10.95 ganancia[]informacion[]\OT1/cmr/m/n/10.95 (+20) ,
 []

) (./chapters/05_resultados/resultados_features_transformadas.tex
LaTeX Info: Redefining \. on input line 55.
LaTeX Info: Redefining \% on input line 55.
 [49]
<chapters/05_resultados/images/delta_aic_transformadas.png, id=281, 1003.8303pt x 426.393pt>
File: chapters/05_resultados/images/delta_aic_transformadas.png Graphic file (type png)
<use chapters/05_resultados/images/delta_aic_transformadas.png>
Package pdftex.def Info: chapters/05_resultados/images/delta_aic_transformadas.png  used on input line 81.
(pdftex.def)             Requested size: 426.79135pt x 181.28293pt.
LaTeX Info: Redefining \. on input line 85.
LaTeX Info: Redefining \% on input line 85.
 [50]
LaTeX Info: Redefining \. on input line 136.
LaTeX Info: Redefining \% on input line 136.
 [51 <./chapters/05_resultados/images/delta_aic_transformadas.png>]
<chapters/05_resultados/images/TFCE_saliencia_pixel.png, id=289, 859.2903pt x 732.8178pt>
File: chapters/05_resultados/images/TFCE_saliencia_pixel.png Graphic file (type png)
<use chapters/05_resultados/images/TFCE_saliencia_pixel.png>
Package pdftex.def Info: chapters/05_resultados/images/TFCE_saliencia_pixel.png  used on input line 141.
(pdftex.def)             Requested size: 298.75264pt x 254.77924pt.
<chapters/05_resultados/images/TFCE_saliencia_media.png, id=290, 859.2903pt x 732.8178pt>
File: chapters/05_resultados/images/TFCE_saliencia_media.png Graphic file (type png)
<use chapters/05_resultados/images/TFCE_saliencia_media.png>
Package pdftex.def Info: chapters/05_resultados/images/TFCE_saliencia_media.png  used on input line 150.
(pdftex.def)             Requested size: 298.75264pt x 254.77924pt.
LaTeX Info: Redefining \. on input line 154.
LaTeX Info: Redefining \% on input line 154.
 [52 <./chapters/05_resultados/images/TFCE_saliencia_pixel.png>]
<chapters/05_resultados/images/TFCE_similitud_pixel.png, id=295, 859.2903pt x 732.8178pt>
File: chapters/05_resultados/images/TFCE_similitud_pixel.png Graphic file (type png)
<use chapters/05_resultados/images/TFCE_similitud_pixel.png>
Package pdftex.def Info: chapters/05_resultados/images/TFCE_similitud_pixel.png  used on input line 159.
(pdftex.def)             Requested size: 298.75264pt x 254.77924pt.
LaTeX Info: Redefining \. on input line 163.
LaTeX Info: Redefining \% on input line 163.
 [53 <./chapters/05_resultados/images/TFCE_saliencia_media.png>]
<chapters/05_resultados/images/TFCE_similitud_media.png, id=300, 859.2903pt x 732.8178pt>
File: chapters/05_resultados/images/TFCE_similitud_media.png Graphic file (type png)
<use chapters/05_resultados/images/TFCE_similitud_media.png>
Package pdftex.def Info: chapters/05_resultados/images/TFCE_similitud_media.png  used on input line 176.
(pdftex.def)             Requested size: 298.75264pt x 254.77924pt.
LaTeX Info: Redefining \. on input line 180.
LaTeX Info: Redefining \% on input line 180.
 [54 <./chapters/05_resultados/images/TFCE_similitud_pixel.png>]
<chapters/05_resultados/images/TFCE_ganancia_informacion.png, id=305, 860.013pt x 733.2996pt>
File: chapters/05_resultados/images/TFCE_ganancia_informacion.png Graphic file (type png)
<use chapters/05_resultados/images/TFCE_ganancia_informacion.png>
Package pdftex.def Info: chapters/05_resultados/images/TFCE_ganancia_informacion.png  used on input line 185.
(pdftex.def)             Requested size: 298.75264pt x 254.73415pt.

Overfull \hbox (12.61308pt too wide) in paragraph at lines 190--191
\OT1/cmr/m/n/10.95 (-20) ne-ga-ti-vo y la dis-tri-bu-ci^^Son espacio-temporal ob-ser-va-da es si-mi-lar a la de []\OT1/cmtt/m/n/10.95 ganancia[]informacion[]
 []

LaTeX Info: Redefining \. on input line 191.
LaTeX Info: Redefining \% on input line 191.
[55 <./chapters/05_resultados/images/TFCE_similitud_media.png> <./chapters/05_resultados/images/TFCE_ganancia_informacion.png>]
<chapters/05_resultados/images/TFCE_gap_entropia.png, id=312, 860.013pt x 733.2996pt>
File: chapters/05_resultados/images/TFCE_gap_entropia.png Graphic file (type png)
<use chapters/05_resultados/images/TFCE_gap_entropia.png>
Package pdftex.def Info: chapters/05_resultados/images/TFCE_gap_entropia.png  used on input line 194.
(pdftex.def)             Requested size: 298.75264pt x 254.73415pt.

Overfull \hbox (21.77397pt too wide) in paragraph at lines 201--208
[][]\OT1/cmtt/m/n/10.95 competencia[]fp[]max[] \OT1/cmr/m/n/10.95 (-20) y []\OT1/cmtt/m/n/10.95 competencia[]fp[]max[]log[] \OT1/cmr/m/n/10.95 (-20) no pre-sen-ta-ron clus-ters espacio-temporales
 []

<chapters/05_resultados/images/TFCE_competencia_fp_max.png, id=313, 860.013pt x 733.2996pt>
File: chapters/05_resultados/images/TFCE_competencia_fp_max.png Graphic file (type png)
<use chapters/05_resultados/images/TFCE_competencia_fp_max.png>
Package pdftex.def Info: chapters/05_resultados/images/TFCE_competencia_fp_max.png  used on input line 211.
(pdftex.def)             Requested size: 298.75264pt x 254.73415pt.
) (./chapters/05_resultados/combinación_variables.tex
LaTeX Info: Redefining \. on input line 1.
LaTeX Info: Redefining \% on input line 1.
 [56 <./chapters/05_resultados/images/TFCE_gap_entropia.png>]
Underfull \hbox (badness 1178) in paragraph at lines 15--32
 \OT1/cmr/m/sl/10.95 (+20) Pa-so 1: Se-lec-ci^^Son de ver-si^^Son (ori-gi-nal vs. trans-for-ma-da).[] \OT1/cmr/m/n/10.95 (+20) Pa-ra las va-ria-bles en
 []


Underfull \hbox (badness 1005) in paragraph at lines 15--32
\OT1/cmr/m/n/10.95 (+20) am-bas ver-sio-nes re-sul-ta-ron sig-ni-fi-ca-ti-vas el des-em-pa-te se realiz^^So seg^^Sun el $^^A$AIC
 []


Underfull \hbox (badness 4543) in paragraph at lines 15--32
[]\OT1/cmtt/m/n/10.95 competencia[]fp[]var[]\OT1/cmr/m/n/10.95 (+20) , []\OT1/cmtt/m/n/10.95 competencia[]fp[]media[]\OT1/cmr/m/n/10.95 (+20) , []\OT1/cmtt/m/n/10.95 competencia[]fp[]max[]log[]\OT1/cmr/m/n/10.95 (+20) , []\OT1/cmtt/m/n/10.95 posterior[]\OT1/cmr/m/n/10.95 (+20) ,
 []


Underfull \hbox (badness 10000) in paragraph at lines 15--32
[]\OT1/cmtt/m/n/10.95 entropia[]prior[]saliencia[]\OT1/cmr/m/n/10.95 (+20) , []\OT1/cmtt/m/n/10.95 entropia[]posterior[]\OT1/cmr/m/n/10.95 (+20) , []\OT1/cmtt/m/n/10.95 ganancia[]informacion[]log[]\OT1/cmr/m/n/10.95 (+20) ,
 []

LaTeX Info: Redefining \. on input line 41.
LaTeX Info: Redefining \% on input line 41.
[57 <./chapters/05_resultados/images/TFCE_competencia_fp_max.png>]
Underfull \hbox (badness 2269) in paragraph at lines 51--57
\OT1/cmr/m/n/10.95 (+20) de-lo ba-se MD2, des-car-tan-do aque-llas con VIF ele-va-do en la ma-yor^^S^^Pa de los
 []


Underfull \hbox (badness 3088) in paragraph at lines 51--57
\OT1/cmr/m/n/10.95 (+20) su-je-tos. Es-te cri-te-rio re-du-jo el con-jun-to al sub-con-jun-to fi-nal de 4 va-ria-bles:
 []


Overfull \hbox (7.37837pt too wide) in paragraph at lines 62--86
 [][] 
 []

LaTeX Info: Redefining \. on input line 101.
LaTeX Info: Redefining \% on input line 101.
[58]

LaTeX Warning: Reference `fig:resultados_combinados' on page 59 undefined on input line 111.

<chapters/05_resultados/images/TFCE-final.png, id=325, 1474.308pt x 1040.08575pt>
File: chapters/05_resultados/images/TFCE-final.png Graphic file (type png)
<use chapters/05_resultados/images/TFCE-final.png>
Package pdftex.def Info: chapters/05_resultados/images/TFCE-final.png  used on input line 115.
(pdftex.def)             Requested size: 426.79135pt x 301.09341pt.

LaTeX Warning: Reference `fig:aic_combinados' on page 59 undefined on input line 131.

<chapters/05_resultados/images/AIC-final.png, id=326, 901.56825pt x 353.52075pt>
File: chapters/05_resultados/images/AIC-final.png Graphic file (type png)
<use chapters/05_resultados/images/AIC-final.png>
Package pdftex.def Info: chapters/05_resultados/images/AIC-final.png  used on input line 137.
(pdftex.def)             Requested size: 362.77525pt x 142.2473pt.
)) (./chapters/06_discusion/06_discusion.tex
LaTeX Info: Redefining \. on input line 1.
LaTeX Info: Redefining \% on input line 1.
 [59 <./chapters/05_resultados/images/TFCE-final.png>]
LaTeX Info: Redefining \. on input line 1.
LaTeX Info: Redefining \% on input line 1.
 [60 <./chapters/05_resultados/images/AIC-final.png>]
Cap\'{\i }tulo 6.
[61

]) (./chapters/07_conclusiones/07_conclusiones.tex
LaTeX Info: Redefining \. on input line 1.
LaTeX Info: Redefining \% on input line 1.
 [62]
Cap\'{\i }tulo 7.
[63

])
LaTeX Info: Redefining \. on input line 87.
LaTeX Info: Redefining \% on input line 87.
 [64] (./tesis.bbl)

Package natbib Warning: There were undefined citations.

[65


] (./tesis.aux
LaTeX Info: Redefining \. on input line 8.
LaTeX Info: Redefining \% on input line 8.
)
 ***********
LaTeX2e <2025-11-01>
L3 programming layer <2026-01-19>
 ***********


LaTeX Warning: There were undefined references.


LaTeX Warning: Label(s) may have changed. Rerun to get cross-references right.

 ) 
Here is how much of TeX's memory you used:
 22137 strings out of 467525
 457171 string characters out of 5418982
 867245 words of memory out of 5000000
 50311 multiletter control sequences out of 15000+600000
 651708 words of font info for 242 fonts, out of 8000000 for 9000
 1141 hyphenation exceptions out of 8191
 99i,13n,108p,1304b,609s stack positions out of 10000i,1000n,20000p,200000b,200000s
</usr/local/texlive/2026/texmf-dist/fonts/type1/public/amsfonts/cm/cmbx10.pfb></usr/local/texlive/2026/texmf-dist/fonts/type1/public/amsfonts/cm/cmbx12.pfb></usr/local/texlive/2026/texmf-dist/fonts/type1/public/amsfonts/cm/cmbx8.pfb></usr/local/texlive/2026/texmf-dist/fonts/type1/public/amsfonts/cm/cmbxti10.pfb></usr/local/texlive/2026/texmf-dist/fonts/type1/public/amsfonts/cm/cmcsc10.pfb></usr/local/texlive/2026/texmf-dist/fonts/type1/public/amsfonts/cm/cmex10.pfb></usr/local/texlive/2026/texmf-dist/fonts/type1/public/amsfonts/cm/cmmi10.pfb></usr/local/texlive/2026/texmf-dist/fonts/type1/public/amsfonts/cm/cmmi6.pfb></usr/local/texlive/2026/texmf-dist/fonts/type1/public/amsfonts/cm/cmmi7.pfb></usr/local/texlive/2026/texmf-dist/fonts/type1/public/amsfonts/cm/cmmi8.pfb></usr/local/texlive/2026/texmf-dist/fonts/type1/public/amsfonts/cm/cmr10.pfb></usr/local/texlive/2026/texmf-dist/fonts/type1/public/amsfonts/cm/cmr12.pfb></usr/local/texlive/2026/texmf-dist/fonts/type1/public/amsfonts/cm/cmr6.pfb></usr/local/texlive/2026/texmf-dist/fonts/type1/public/amsfonts/cm/cmr7.pfb></usr/local/texlive/2026/texmf-dist/fonts/type1/public/amsfonts/cm/cmr8.pfb></usr/local/texlive/2026/texmf-dist/fonts/type1/public/amsfonts/cm/cmsl10.pfb></usr/local/texlive/2026/texmf-dist/fonts/type1/public/amsfonts/cm/cmsy10.pfb></usr/local/texlive/2026/texmf-dist/fonts/type1/public/amsfonts/cm/cmsy8.pfb></usr/local/texlive/2026/texmf-dist/fonts/type1/public/amsfonts/cm/cmti10.pfb></usr/local/texlive/2026/texmf-dist/fonts/type1/public/amsfonts/cm/cmtt10.pfb></usr/local/texlive/2026/texmf-dist/fonts/type1/public/amsfonts/symbols/msbm10.pfb></usr/local/texlive/2026/texmf-dist/fonts/type1/public/cm-super/sfrm1095.pfb>
Output written on tesis.pdf (77 pages, 29873273 bytes).
PDF statistics:
 447 PDF objects out of 1000 (max. 8388607)
 246 compressed objects within 3 object streams
 0 named destinations out of 1000 (max. 500000)
 53456 words of extra memory for PDF output out of 61914 (max. 10000000)

